// Jest Snapshot v1, https://goo.gl/fbAQLP

exports[`Discovery Component should not crash 1`] = `ShallowWrapper {}`;
